// Jest Snapshot v1, https://goo.gl/fbAQLP

exports[`SettingsPanel renders the tree consistently 1`] = `
<a-entity>
  <a-entity />
  <a-entity />
  <a-entity />
  <a-entity />
  <a-entity />
  <a-entity />
  <a-entity />
  <a-entity />
  <a-entity />
</a-entity>
`;
